OpenJDK 64-Bit Server VM (25.452-b09) for linux-amd64 JRE (1.8.0_452-8u452-ga~us1-0ubuntu1~24.04-b09), built on Apr 16 2025 10:33:22 by "buildd" with gcc 13.3.0
Memory: 4k page, physical 15100176k(1342192k free), swap 0k(0k free)
CommandLine flags: -XX:InitialHeapSize=241602816 -XX:MaxHeapSize=3865645056 -XX:+PrintGC -XX:+PrintGCDetails -XX:+PrintGCTimeStamps -XX:+UseCompressedClassPointers -XX:+UseCompressedOops -XX:+UseParallelGC 
7.878: [GC (Allocation Failure) [PSYoungGen: 59392K->3182K(69120K)] 59392K->3190K(227840K), 0.0051968 secs] [Times: user=0.02 sys=0.00, real=0.01 secs] 
17.991: [GC (Allocation Failure) [PSYoungGen: 62574K->1776K(69120K)] 62582K->1792K(227840K), 0.0029529 secs] [Times: user=0.02 sys=0.00, real=0.01 secs] 
27.857: [GC (Allocation Failure) [PSYoungGen: 61168K->1728K(69120K)] 61184K->1752K(227840K), 0.0033357 secs] [Times: user=0.03 sys=0.01, real=0.00 secs] 
38.056: [GC (Allocation Failure) [PSYoungGen: 61120K->1728K(69120K)] 61144K->1752K(227840K), 0.0027378 secs] [Times: user=0.02 sys=0.00, real=0.00 secs] 
48.338: [GC (Allocation Failure) [PSYoungGen: 61120K->1760K(60416K)] 61144K->1784K(219136K), 0.0032006 secs] [Times: user=0.02 sys=0.00, real=0.00 secs] 
58.622: [GC (Allocation Failure) [PSYoungGen: 60128K->1808K(59392K)] 60152K->1832K(218112K), 0.0023737 secs] [Times: user=0.02 sys=0.00, real=0.00 secs] 
Heap
 PSYoungGen      total 59392K, used 37220K [0x0000000773300000, 0x0000000777580000, 0x00000007c0000000)
  eden space 57344K, 61% used [0x0000000773300000,0x0000000775595250,0x0000000776b00000)
  from space 2048K, 88% used [0x0000000777380000,0x0000000777544010,0x0000000777580000)
  to   space 3072K, 0% used [0x0000000776f80000,0x0000000776f80000,0x0000000777280000)
 ParOldGen       total 158720K, used 24K [0x00000006d9800000, 0x00000006e3300000, 0x0000000773300000)
  object space 158720K, 0% used [0x00000006d9800000,0x00000006d9806000,0x00000006e3300000)
 Metaspace       used 10208K, capacity 10458K, committed 10752K, reserved 1058816K
  class space    used 822K, capacity 922K, committed 1024K, reserved 1048576K
